<?xml version="1.0" encoding="utf-8"?><testsuites><testsuite name="pytest" errors="0" failures="0" skipped="0" tests="5" time="0.104" timestamp="2022-03-20T12:55:28.159563" hostname="ubuntu"><testcase classname="test_calculator.TestCalculator" name="test_addition" time="0.002" /><testcase classname="test_calculator.TestCalculator" name="test_addition2" time="0.002" /><testcase classname="test_calculator.TestCalculator" name="test_substraction" time="0.002" /><testcase classname="test_calculator.TestCalculator" name="test_multiplication" time="0.002" /><testcase classname="test_calculator.TestCalculator" name="test_division" time="0.002" /></testsuite></testsuites>